Running Gradle task 'bundleRelease'...                          
Loading package information...                                                  
Loading local repository...                                                     
[                                       ] 3% Loading local repository...        
[                                       ] 3% Fetch remote repository...         
[=                                      ] 3% Fetch remote repository...         
[=                                      ] 4% Fetch remote repository...         
[=                                      ] 5% Fetch remote repository...         
[==                                     ] 5% Fetch remote repository...         
[==                                     ] 6% Fetch remote repository...         
[==                                     ] 7% Fetch remote repository...         
[==                                     ] 7% Computing updates...               
[===                                    ] 8% Computing updates...               
[===                                    ] 10% Computing updates...              
[===                                    ] 10% Installing NDK (Side by side) 28.2
[===                                    ] 10% Downloading android-ndk-r28c-linux
[====                                   ] 10% Downloading android-ndk-r28c-linux
[====                                   ] 11% Downloading android-ndk-r28c-linux
[====                                   ] 12% Downloading android-ndk-r28c-linux
[=====                                  ] 13% Downloading android-ndk-r28c-linux
[=====                                  ] 14% Downloading android-ndk-r28c-linux
[=====                                  ] 15% Downloading android-ndk-r28c-linux
[======                                 ] 15% Downloading android-ndk-r28c-linux
[======                                 ] 16% Downloading android-ndk-r28c-linux
[======                                 ] 17% Downloading android-ndk-r28c-linux
[=======                                ] 18% Downloading android-ndk-r28c-linux
[=======                                ] 19% Downloading android-ndk-r28c-linux
[=======                                ] 20% Downloading android-ndk-r28c-linux
[========                               ] 20% Downloading android-ndk-r28c-linux
[========                               ] 21% Downloading android-ndk-r28c-linux
[========                               ] 22% Downloading android-ndk-r28c-linux
[=========                              ] 23% Downloading android-ndk-r28c-linux
[=========                              ] 24% Downloading android-ndk-r28c-linux
[=========                              ] 25% Downloading android-ndk-r28c-linux
[==========                             ] 25% Downloading android-ndk-r28c-linux
[==========                             ] 26% Downloading android-ndk-r28c-linux
[==========                             ] 27% Downloading android-ndk-r28c-linux
[===========                            ] 28% Downloading android-ndk-r28c-linux
[===========                            ] 29% Downloading android-ndk-r28c-linux
[===========                            ] 30% Downloading android-ndk-r28c-linux
[============                           ] 30% Downloading android-ndk-r28c-linux
[============                           ] 31% Downloading android-ndk-r28c-linux
[============                           ] 32% Downloading android-ndk-r28c-linux
[============                           ] 33% Downloading android-ndk-r28c-linux
[============                           ] 33% Unzipping...                      
[============                           ] 33% Unzipping... android-ndk-r28c/    
[============                           ] 33% Unzipping... android-ndk-r28c/READ
[=============                          ] 33% Unzipping... android-ndk-r28c/READ
[=============                          ] 33% Unzipping... android-ndk-r28c/meta
[=============                          ] 33% Unzipping... android-ndk-r28c/shad
[=============                          ] 33% Unzipping... android-ndk-r28c/ndk-
[=============                          ] 33% Unzipping... android-ndk-r28c/wrap
[=============                          ] 33% Unzipping... android-ndk-r28c/ndk-
[=============                          ] 33% Unzipping... android-ndk-r28c/tool
[=============                          ] 34% Unzipping... android-ndk-r28c/tool
[=============                          ] 35% Unzipping... android-ndk-r28c/tool
[==============                         ] 35% Unzipping... android-ndk-r28c/tool
[==============                         ] 36% Unzipping... android-ndk-r28c/tool
[==============                         ] 37% Unzipping... android-ndk-r28c/tool
[===============                        ] 38% Unzipping... android-ndk-r28c/tool
[===============                        ] 39% Unzipping... android-ndk-r28c/tool
[===============                        ] 40% Unzipping... android-ndk-r28c/tool
[================                       ] 40% Unzipping... android-ndk-r28c/tool
[================                       ] 41% Unzipping... android-ndk-r28c/tool
[================                       ] 42% Unzipping... android-ndk-r28c/tool
[=================                      ] 43% Unzipping... android-ndk-r28c/tool
[=================                      ] 44% Unzipping... android-ndk-r28c/tool
[=================                      ] 45% Unzipping... android-ndk-r28c/tool
[==================                     ] 45% Unzipping... android-ndk-r28c/tool
[==================                     ] 46% Unzipping... android-ndk-r28c/tool
[==================                     ] 47% Unzipping... android-ndk-r28c/tool
[===================                    ] 48% Unzipping... android-ndk-r28c/tool
[===================                    ] 49% Unzipping... android-ndk-r28c/tool
[===================                    ] 50% Unzipping... android-ndk-r28c/tool
[====================                   ] 50% Unzipping... android-ndk-r28c/tool
[====================                   ] 51% Unzipping... android-ndk-r28c/tool
[====================                   ] 52% Unzipping... android-ndk-r28c/tool
[=====================                  ] 53% Unzipping... android-ndk-r28c/tool
[=====================                  ] 54% Unzipping... android-ndk-r28c/tool
[=====================                  ] 54% Unzipping... android-ndk-r28c/buil
[=====================                  ] 54% Unzipping... android-ndk-r28c/sour
[=====================                  ] 54% Unzipping... android-ndk-r28c/NOTI
[=====================                  ] 54% Unzipping... android-ndk-r28c/ndk-
[=====================                  ] 54% Unzipping... android-ndk-r28c/NOTI
[=====================                  ] 54% Unzipping... android-ndk-r28c/pyth
[=====================                  ] 54% Unzipping... android-ndk-r28c/preb
[=====================                  ] 54% Unzipping... android-ndk-r28c/ndk-
[=====================                  ] 54% Unzipping... android-ndk-r28c/sour
[=====================                  ] 54% Unzipping... android-ndk-r28c/simp
[=====================                  ] 55% Unzipping... android-ndk-r28c/simp
[=====================                  ] 55% Unzipping... android-ndk-r28c/CHAN
[=======================================] 100% Unzipping... android-ndk-r28c/CHA

WARNING: Your app uses the following plugins that apply Kotlin Gradle Plugin (KGP): home_widget
Future versions of Flutter will fail to build if your app uses plugins that apply KGP.

Please check the changelogs of these plugins and upgrade to a version that supports Built-in Kotlin.
If no such version exists, report the issue to the plugin. If necessary, here is a guide on filing
an issue against a plugin: https://docs.flutter.dev/release/breaking-changes/migrate-to-built-in-kotlin/for-app-developers#report-incompatible-kotlin-gradle-plugin-usage-to-plugin-authors

If you are a plugin author, please migrate your plugin to Built-in Kotlin using this guide: https://docs.flutter.dev/release/breaking-changes/migrate-to-built-in-kotlin/for-plugin-authors
flutter_gemma: Downloading litertlm native libs from https://github.com/DenisovAV/flutter_gemma/releases/download/native-v0.17.1-a/litertlm-android_arm64.tar.gz ...

flutter_gemma: Checksum verified (litertlm-android_arm64.tar.gz)

flutter_gemma: litertlm libs cached to /home/runner/.cache/flutter_gemma/native/android_arm64

Font asset "MaterialIcons-Regular.otf" was tree-shaken, reducing it from 1645184 to 14552 bytes (99.1% reduction). Tree-shaking can be disabled by providing the --no-tree-shake-icons flag when building your app.
Caught exception: Already watching path: /home/runner/work/pump-and-plate/pump-and-plate/app/android
Checking the license for package CMake 3.22.1 in /usr/local/lib/android/sdk/licenses
License for package CMake 3.22.1 accepted.
Preparing "Install CMake 3.22.1 v.3.22.1".
"Install CMake 3.22.1 v.3.22.1" ready.
Installing CMake 3.22.1 in /usr/local/lib/android/sdk/cmake/3.22.1
"Install CMake 3.22.1 v.3.22.1" complete.
"Install CMake 3.22.1 v.3.22.1" finished.
Running Gradle task 'bundleRelease'...                            634.2s
✓ Built build/app/outputs/bundle/release/app-release.aab (121.0MB)
